// Vitest Snapshot v1, https://vitest.dev/guide/snapshot.html

exports[`PropertyCard Component > calls newBooking function on button click 1`] = `
<div>
  <div
    class="variants defaultVariants border rounded-lg bg-white dark:bg-slate-900"
    data-testid="property-card"
  >
    <div
      class="flex-col space-y-1.5 p-6 flex md:flex-row space-x-6"
    >
      <span
        class=" lazy-load-image-background blur"
        style="color: transparent; display: inline-block; width: 100%;"
      >
        <img
          alt="Test Property"
          class="h-56 md:h-48 w-full rounded-md shadow"
          src="test-image.jpg"
          width="100%"
        />
      </span>
      <div
        class="flex flex-col w-full"
      >
        <h3
          class="font-semibold tracking-tight text-3xl"
        >
          Test Property
        </h3>
        <p>
          Test Address
          , 
          Test City
          , 
          Test Country
        </p>
        <p
          class="text-muted-foreground text-lg mt-4"
        >
          Test Description
        </p>
      </div>
      <div
        class="flex flex-col shrink-0"
      >
        <div
          class="inline-flex rounded-md border px-2.5 py-0.5 transition-colors focus:outline-none focus:ring-2 focus:ring-ring focus:ring-offset-2 border-transparent bg-secondary text-secondary-foreground hover:bg-secondary/80 justify-center self-end dark:text-white font-semibold text-lg items-center mb-4 md:mb-0"
        >
          <svg
            class="mr-1"
            fill="none"
            height="15"
            viewBox="0 0 15 15"
            width="15"
            xmlns="http://www.w3.org/2000/svg"
          >
            <path
              clip-rule="evenodd"
              d="M8 2.75C8 2.47386 7.77614 2.25 7.5 2.25C7.22386 2.25 7 2.47386 7 2.75V7H2.75C2.47386 7 2.25 7.22386 2.25 7.5C2.25 7.77614 2.47386 8 2.75 8H7V12.25C7 12.5261 7.22386 12.75 7.5 12.75C7.77614 12.75 8 12.5261 8 12.25V8H12.25C12.5261 8 12.75 7.77614 12.75 7.5C12.75 7.22386 12.5261 7 12.25 7H8V2.75Z"
              fill="currentColor"
              fill-rule="evenodd"
            />
          </svg>
           
          5
           rents
        </div>
        <div
          class="flex flex-col mt-auto justify-end"
        >
          <strong
            class="font-black text-xl mb-2"
          >
            $100.00
            /night
          </strong>
          <button
            class="inline-flex items-center justify-center whitespace-nowrap rounded-md text-sm transition-colors focus-visible:outline-none focus-visible:ring-1 focus-visible:ring-ring disabled:pointer-events-none disabled:opacity-50 bg-primary text-primary-foreground shadow hover:bg-primary/90 h-9 px-4 py-2 font-bold dark:text-white"
          >
            Book now
          </button>
        </div>
      </div>
    </div>
  </div>
</div>
`;

exports[`PropertyCard Component > renders correctly with property data 1`] = `
<div>
  <div
    class="variants defaultVariants border rounded-lg bg-white dark:bg-slate-900"
    data-testid="property-card"
  >
    <div
      class="flex-col space-y-1.5 p-6 flex md:flex-row space-x-6"
    >
      <span
        class=" lazy-load-image-background blur"
        style="color: transparent; display: inline-block; width: 100%;"
      >
        <img
          alt="Test Property"
          class="h-56 md:h-48 w-full rounded-md shadow"
          src="test-image.jpg"
          width="100%"
        />
      </span>
      <div
        class="flex flex-col w-full"
      >
        <h3
          class="font-semibold tracking-tight text-3xl"
        >
          Test Property
        </h3>
        <p>
          Test Address
          , 
          Test City
          , 
          Test Country
        </p>
        <p
          class="text-muted-foreground text-lg mt-4"
        >
          Test Description
        </p>
      </div>
      <div
        class="flex flex-col shrink-0"
      >
        <div
          class="inline-flex rounded-md border px-2.5 py-0.5 transition-colors focus:outline-none focus:ring-2 focus:ring-ring focus:ring-offset-2 border-transparent bg-secondary text-secondary-foreground hover:bg-secondary/80 justify-center self-end dark:text-white font-semibold text-lg items-center mb-4 md:mb-0"
        >
          <svg
            class="mr-1"
            fill="none"
            height="15"
            viewBox="0 0 15 15"
            width="15"
            xmlns="http://www.w3.org/2000/svg"
          >
            <path
              clip-rule="evenodd"
              d="M8 2.75C8 2.47386 7.77614 2.25 7.5 2.25C7.22386 2.25 7 2.47386 7 2.75V7H2.75C2.47386 7 2.25 7.22386 2.25 7.5C2.25 7.77614 2.47386 8 2.75 8H7V12.25C7 12.5261 7.22386 12.75 7.5 12.75C7.77614 12.75 8 12.5261 8 12.25V8H12.25C12.5261 8 12.75 7.77614 12.75 7.5C12.75 7.22386 12.5261 7 12.25 7H8V2.75Z"
              fill="currentColor"
              fill-rule="evenodd"
            />
          </svg>
           
          5
           rents
        </div>
        <div
          class="flex flex-col mt-auto justify-end"
        >
          <strong
            class="font-black text-xl mb-2"
          >
            $100.00
            /night
          </strong>
          <button
            class="inline-flex items-center justify-center whitespace-nowrap rounded-md text-sm transition-colors focus-visible:outline-none focus-visible:ring-1 focus-visible:ring-ring disabled:pointer-events-none disabled:opacity-50 bg-primary text-primary-foreground shadow hover:bg-primary/90 h-9 px-4 py-2 font-bold dark:text-white"
          >
            Book now
          </button>
        </div>
      </div>
    </div>
  </div>
</div>
`;
